// Jest Snapshot v1, https://goo.gl/fbAQLP

exports[`<Icon backgroundColor="" size="small" name="left-caret" /> 1`] = `
.c0 {
  display: inline-block;
  height: 1rem;
  width: 1rem;
  min-height: 1rem;
  min-width: 1rem;
}

.c0:active,
.c0:focus {
  outline: none;
}

<svg
  aria-hidden="false"
  aria-label="left-caret icon"
  class="c0"
  fill="#000000"
  role="img"
  viewBox="0 0 21.6 21.6"
>
  <title>
    left-caret icon
  </title>
  <polygon
    fill="#000000"
    points="14.89 19.8 5.89 10.799 14.89 1.8 15.71 2.619 7.53 10.799 15.71 18.981 14.89 19.8"
    stroke="none"
  />
</svg>
`;

exports[`<Icon backgroundColor="black" size="small" name="left-caret" /> 1`] = `
.c0 {
  display: inline-block;
  height: 1rem;
  width: 1rem;
  min-height: 1rem;
  min-width: 1rem;
}

.c0:active,
.c0:focus {
  outline: none;
}

<svg
  aria-hidden="false"
  aria-label="left-caret icon"
  class="c0"
  fill="#000000"
  role="img"
  viewBox="0 0 21.6 21.6"
>
  <title>
    left-caret icon
  </title>
  <polygon
    fill="#000000"
    points="14.89 19.8 5.89 10.799 14.89 1.8 15.71 2.619 7.53 10.799 15.71 18.981 14.89 19.8"
    stroke="none"
  />
</svg>
`;

exports[`<Icon focused size="large" name="collapse"  /> 1.0 1`] = `
.c0 {
  display: inline-block;
  height: 1.5rem;
  width: 1.5rem;
  min-height: 1.5rem;
  min-width: 1.5rem;
}

.c0:active,
.c0:focus {
  outline: none;
}

<svg
  aria-hidden="false"
  aria-label="error icon"
  class="c0"
  fill="#000000"
  role="img"
  viewBox="0 0 21.6 21.6"
>
  <title>
    error icon
  </title>
  <path
    d="M10.80213,19.80122a2.39567,2.39567,0,0,1-1.705-.707L2.50743,12.50444a2.41244,2.41244,0,0,1,0-3.40913L9.09808,2.50555a2.4159,2.4159,0,0,1,3.40908-.001l6.58967,6.59073a2.41244,2.41244,0,0,1,0,3.40913L12.50716,19.0942A2.394,2.394,0,0,1,10.80213,19.80122Zm-7.4998-9.911a1.289,1.289,0,0,0,0,1.81931L9.893,18.29929a1.31476,1.31476,0,0,0,1.81928,0l6.58967-6.58976a1.289,1.289,0,0,0,0-1.81931L11.71226,3.30047a1.29076,1.29076,0,0,0-1.81928,0ZM9.95,15.05h1.7V13.367H9.95Zm0-6.00953.561,2.635h.56952l.56951-2.635V6.55H9.95Z"
    fill="#000000"
    stroke="none"
  />
</svg>
`;

exports[`<Icon size="XLarge" name="left-caret"/> 1`] = `
.c0 {
  display: inline-block;
  height: 1.75rem;
  width: 1.75rem;
  min-height: 1.75rem;
  min-width: 1.75rem;
}

.c0:active,
.c0:focus {
  outline: none;
}

<svg
  aria-hidden="false"
  aria-label="left-caret icon"
  class="c0"
  fill="#000000"
  role="img"
  viewBox="0 0 21.6 21.6"
>
  <title>
    left-caret icon
  </title>
  <polygon
    fill="#000000"
    points="14.89 19.8 5.89 10.799 14.89 1.8 15.71 2.619 7.53 10.799 15.71 18.981 14.89 19.8"
    stroke="none"
  />
</svg>
`;

exports[`<Icon size="large" name="arrow-left" /> 1.0 1`] = `
.c0 {
  display: inline-block;
  height: 1.5rem;
  width: 1.5rem;
  min-height: 1.5rem;
  min-width: 1.5rem;
}

.c0:active,
.c0:focus {
  outline: none;
}

<svg
  aria-hidden="false"
  aria-label="left-arrow icon"
  class="c0"
  fill="#ffffff"
  role="img"
  viewBox="0 0 21.6 21.6"
>
  <title>
    left-arrow icon
  </title>
  <path
    d="M19.8,11.37251H4.01466l7.68305,7.61761-.817.80988L1.8,10.8l9.08069-9,.817.80988-7.683,7.61761H19.8Z"
    fill="#ffffff"
    stroke="none"
  />
</svg>
`;

exports[`<Icon size="large" name="checkmark-alt" inverted color="Black" /> 1.0 1`] = `
.c0 {
  display: inline-block;
  height: 1.5rem;
  width: 1.5rem;
  min-height: 1.5rem;
  min-width: 1.5rem;
}

.c0:active,
.c0:focus {
  outline: none;
}

<svg
  aria-hidden="false"
  aria-label="checkmark-alt icon"
  class="c0"
  fill="#ffffff"
  role="img"
  viewBox="0 0 21.6 21.6"
>
  <title>
    checkmark-alt icon
  </title>
  <path
    d="M10.80009,19.80015a9,9,0,1,1,9-9A9.01054,9.01054,0,0,1,10.80009,19.80015Zm0-16.87512a7.87512,7.87512,0,1,0,7.87512,7.87512A7.88411,7.88411,0,0,0,10.80009,2.925ZM14.75,8.63964,13.95474,7.85,9.62367,12.17072,7.64331,10.20631,6.85,10.9979,9.62562,13.75Z"
    fill="#ffffff"
    stroke="none"
  />
</svg>
`;

exports[`<Icon size="large" name="checkmark-alt" inverted color={"#000000"} /> 1.0 1`] = `
.c0 {
  display: inline-block;
  height: 1.5rem;
  width: 1.5rem;
  min-height: 1.5rem;
  min-width: 1.5rem;
}

.c0:active,
.c0:focus {
  outline: none;
}

<svg
  aria-hidden="false"
  aria-label="checkmark-alt icon"
  class="c0"
  fill="#ffffff"
  role="img"
  viewBox="0 0 21.6 21.6"
>
  <title>
    checkmark-alt icon
  </title>
  <path
    d="M10.80009,19.80015a9,9,0,1,1,9-9A9.01054,9.01054,0,0,1,10.80009,19.80015Zm0-16.87512a7.87512,7.87512,0,1,0,7.87512,7.87512A7.88411,7.88411,0,0,0,10.80009,2.925ZM14.75,8.63964,13.95474,7.85,9.62367,12.17072,7.64331,10.20631,6.85,10.9979,9.62562,13.75Z"
    fill="#ffffff"
    stroke="none"
  />
</svg>
`;

exports[`<Icon size="large" name="collapse"  /> 1.0 1`] = `
.c0 {
  display: inline-block;
  height: 1.5rem;
  width: 1.5rem;
  min-height: 1.5rem;
  min-width: 1.5rem;
}

.c0:active,
.c0:focus {
  outline: none;
}

<svg
  aria-hidden="false"
  aria-label="minus icon"
  class="c0"
  fill="#000000"
  role="img"
  viewBox="0 0 21.6 21.6"
>
  <title>
    minus icon
  </title>
  <path
    d="M18.25,11.41h-15V10.29h15Z"
    fill="#000000"
    stroke="none"
  />
</svg>
`;

exports[`<Icon size="large" name="collapse" /> 1.0 1`] = `
.c0 {
  display: inline-block;
  height: 1.5rem;
  width: 1.5rem;
  min-height: 1.5rem;
  min-width: 1.5rem;
}

.c0:active,
.c0:focus {
  outline: none;
}

<svg
  aria-hidden="false"
  aria-label="minus icon"
  class="c0"
  fill="#000000"
  role="img"
  viewBox="0 0 21.6 21.6"
>
  <title>
    minus icon
  </title>
  <path
    d="M18.25,11.41h-15V10.29h15Z"
    fill="#000000"
    stroke="none"
  />
</svg>
`;

exports[`<Icon size="large" name="left-caret" /> 1`] = `
.c0 {
  display: inline-block;
  height: 1.5rem;
  width: 1.5rem;
  min-height: 1.5rem;
  min-width: 1.5rem;
}

.c0:active,
.c0:focus {
  outline: none;
}

<svg
  aria-hidden="false"
  aria-label="info icon"
  class="c0"
  fill="#000000"
  role="img"
  viewBox="0 0 21.6 21.6"
>
  <title>
    info icon
  </title>
  <path
    d="M19.8,10.8a9,9,0,1,0-9,9A9.01054,9.01054,0,0,0,19.8,10.8Zm-1.12488,0A7.87513,7.87513,0,1,1,10.8,2.92486,7.88411,7.88411,0,0,1,18.67509,10.8ZM11.625,7.45852H9.95v-1.675h1.675ZM9.95834,9.11662H11.65v6.6999H9.95834Z"
    fill="#000000"
    stroke="none"
  />
</svg>
`;

exports[`<Icon size="medium" " name="left-caret" /> 1`] = `
.c0 {
  display: inline-block;
  height: 1.25rem;
  width: 1.25rem;
  min-height: 1.25rem;
  min-width: 1.25rem;
}

.c0:active,
.c0:focus {
  outline: none;
}

<svg
  aria-hidden="false"
  aria-label="left-caret icon"
  class="c0"
  fill="#000000"
  role="img"
  viewBox="0 0 21.6 21.6"
>
  <title>
    left-caret icon
  </title>
  <polygon
    fill="#000000"
    points="14.89 19.8 5.89 10.799 14.89 1.8 15.71 2.619 7.53 10.799 15.71 18.981 14.89 19.8"
    stroke="none"
  />
</svg>
`;

exports[`<Icon size={23} name="left-caret" /> 1`] = `
.c0 {
  display: inline-block;
  height: 1.4375rem;
  width: 1.4375rem;
  min-height: 1.4375rem;
  min-width: 1.4375rem;
}

.c0:active,
.c0:focus {
  outline: none;
}

<svg
  aria-hidden="false"
  aria-label="left-caret icon"
  class="c0"
  fill="#000000"
  role="img"
  viewBox="0 0 21.6 21.6"
>
  <title>
    left-caret icon
  </title>
  <polygon
    fill="#000000"
    points="14.89 19.8 5.89 10.799 14.89 1.8 15.71 2.619 7.53 10.799 15.71 18.981 14.89 19.8"
    stroke="none"
  />
</svg>
`;

exports[`<Icon tabIndex="-1" size="large" name="info" /> 1`] = `
.c0 {
  display: inline-block;
  height: 1.5rem;
  width: 1.5rem;
  min-height: 1.5rem;
  min-width: 1.5rem;
}

.c0:active,
.c0:focus {
  outline: none;
}

<svg
  aria-hidden="false"
  aria-label="info icon"
  class="c0"
  fill="#000000"
  role="img"
  viewBox="0 0 21.6 21.6"
>
  <title>
    info icon
  </title>
  <path
    d="M19.8,10.8a9,9,0,1,0-9,9A9.01054,9.01054,0,0,0,19.8,10.8Zm-1.12488,0A7.87513,7.87513,0,1,1,10.8,2.92486,7.88411,7.88411,0,0,1,18.67509,10.8ZM11.625,7.45852H9.95v-1.675h1.675ZM9.95834,9.11662H11.65v6.6999H9.95834Z"
    fill="#000000"
    stroke="none"
  />
</svg>
`;

exports[`Icon filter XLarge 1`] = `
.c0 {
  display: inline-block;
  height: 1.75rem;
  width: 1.75rem;
  min-height: 1.75rem;
  min-width: 1.75rem;
}

.c0:active,
.c0:focus {
  outline: none;
}

<svg
  aria-hidden="false"
  aria-label="filter icon"
  class="c0"
  fill="#000000"
  role="img"
  viewBox="0 0 21.6 21.6"
>
  <title>
    filter icon
  </title>
  <path
    d="M17.81,2.93l-5.88,9.81v5.94H9.68V12.74L3.79,2.93h14m2-1.13H1.8L8.55,13.05V19.8h4.5V13.05L19.8,1.8Z"
    fill="#000000"
    stroke="none"
  />
</svg>
`;

exports[`Icon filter large 1`] = `
.c0 {
  display: inline-block;
  height: 1.5rem;
  width: 1.5rem;
  min-height: 1.5rem;
  min-width: 1.5rem;
}

.c0:active,
.c0:focus {
  outline: none;
}

<svg
  aria-hidden="false"
  aria-label="gaming icon"
  class="c0"
  fill="#000000"
  role="img"
  viewBox="0 0 21.6 21.6"
>
  <title>
    gaming icon
  </title>
  <path
    d="M7.39708,9.352h1.126v1.126h-1.126v1.125h-1.125V10.478h-1.125V9.352h1.125V8.227h1.125Zm7.316,0a.563.563,0,1,0-.563-.563A.563.563,0,0,0,14.71306,9.352Zm-1.126,0a.563.563,0,1,0,.563.563A.563.563,0,0,0,13.58708,9.352Zm2.251,0a.563.563,0,1,0,.563.563A.563.563,0,0,0,15.83806,9.352Zm-1.125,1.125a.563.563,0,1,0,.563.563A.563.563,0,0,0,14.71306,10.477Zm4.508,4.595a3.32813,3.32813,0,0,1-1.936,1.798,1.104,1.104,0,0,1-.346.055c-1.246,0-2.709-1.923-3.115-2.668a1.09356,1.09356,0,0,0-.965-.568H8.704a1.09163,1.09163,0,0,0-.965.568c-.406.74506-1.87,2.668-3.115,2.668a1.10823,1.10823,0,0,1-.346-.055,3.33158,3.33158,0,0,1-1.936-1.798,7.74186,7.74186,0,0,1-.008-5.777A7.382,7.382,0,0,1,5.89708,5.038a3.46364,3.46364,0,0,1,2.73-.149,3.21223,3.21223,0,0,1,1.228.866.69066.69066,0,0,0,.52.204h.812a.69371.69371,0,0,0,.52-.203,3.20761,3.20761,0,0,1,1.228-.867,3.464,3.464,0,0,1,2.73.149,7.38918,7.38918,0,0,1,3.563,4.257A7.742,7.742,0,0,1,19.22106,15.072Zm-1.05-5.39294a6.26262,6.26262,0,0,0-2.971-3.617,2.37172,2.37172,0,0,0-1.858-.124,2.09417,2.09417,0,0,0-.798.569,1.81023,1.81023,0,0,1-1.357.578h-.812a1.8119,1.8119,0,0,1-1.357-.578,2.09413,2.09413,0,0,0-.798-.569,2.37052,2.37052,0,0,0-1.859.125A6.27265,6.27265,0,0,0,3.389,9.679a6.61118,6.61118,0,0,0-.038,4.9,2.41691,2.41691,0,0,0,1.272,1.22c.387.147,1.575-1.069,2.126-2.08a2.2173,2.2173,0,0,1,1.954-1.156h4.155a2.21737,2.21737,0,0,1,1.954,1.156c.551,1.011,1.74,2.226,2.126,2.08a2.41352,2.41352,0,0,0,1.272-1.22A6.60687,6.60687,0,0,0,18.17107,9.679Z"
    fill="#000000"
    stroke="none"
  />
</svg>
`;

exports[`Icon filter medium 1`] = `
.c0 {
  display: inline-block;
  height: 1.25rem;
  width: 1.25rem;
  min-height: 1.25rem;
  min-width: 1.25rem;
}

.c0:active,
.c0:focus {
  outline: none;
}

<svg
  aria-hidden="false"
  aria-label="filter icon"
  class="c0"
  fill="#000000"
  role="img"
  viewBox="0 0 21.6 21.6"
>
  <title>
    filter icon
  </title>
  <path
    d="M17.81,2.93l-5.88,9.81v5.94H9.68V12.74L3.79,2.93h14m2-1.13H1.8L8.55,13.05V19.8h4.5V13.05L19.8,1.8Z"
    fill="#000000"
    stroke="none"
  />
</svg>
`;

exports[`Icon filter small 1`] = `
.c0 {
  display: inline-block;
  height: 1rem;
  width: 1rem;
  min-height: 1rem;
  min-width: 1rem;
}

.c0:active,
.c0:focus {
  outline: none;
}

<svg
  aria-hidden="false"
  aria-label="filter icon"
  class="c0"
  fill="#000000"
  role="img"
  viewBox="0 0 21.6 21.6"
>
  <title>
    filter icon
  </title>
  <path
    d="M17.81,2.93l-5.88,9.81v5.94H9.68V12.74L3.79,2.93h14m2-1.13H1.8L8.55,13.05V19.8h4.5V13.05L19.8,1.8Z"
    fill="#000000"
    stroke="none"
  />
</svg>
`;

exports[`Icon filter small 2`] = `
.c0 {
  display: inline-block;
  height: 1rem;
  width: 1rem;
  min-height: 1rem;
  min-width: 1rem;
}

.c0:active,
.c0:focus {
  outline: none;
}

<svg
  aria-hidden="false"
  aria-label="filter icon"
  class="c0"
  fill="#C44904"
  role="img"
  viewBox="0 0 21.6 21.6"
>
  <title>
    filter icon
  </title>
  <path
    d="M17.81,2.93l-5.88,9.81v5.94H9.68V12.74L3.79,2.93h14m2-1.13H1.8L8.55,13.05V19.8h4.5V13.05L19.8,1.8Z"
    fill="#C44904"
    stroke="none"
  />
</svg>
`;

exports[`Icon filter small surface dark 1`] = `
.c0 {
  display: inline-block;
  height: 1rem;
  width: 1rem;
  min-height: 1rem;
  min-width: 1rem;
}

.c0:active,
.c0:focus {
  outline: none;
}

<svg
  aria-hidden="false"
  aria-label="filter icon"
  class="c0"
  fill="#ffffff"
  role="img"
  viewBox="0 0 21.6 21.6"
>
  <title>
    filter icon
  </title>
  <path
    d="M17.81,2.93l-5.88,9.81v5.94H9.68V12.74L3.79,2.93h14m2-1.13H1.8L8.55,13.05V19.8h4.5V13.05L19.8,1.8Z"
    fill="#ffffff"
    stroke="none"
  />
</svg>
`;

exports[`Icon flag XLarge 1`] = `
.c0 {
  display: inline-block;
  height: 1.75rem;
  width: 1.75rem;
  min-height: 1.75rem;
  min-width: 1.75rem;
}

.c0:active,
.c0:focus {
  outline: none;
}

<svg
  aria-hidden="false"
  aria-label="flag icon"
  class="c0"
  fill="#000000"
  role="img"
  viewBox="0 0 21.6 21.6"
>
  <title>
    flag icon
  </title>
  <path
    d="M15.6,4.4c-3.3,0-6.5-2.1-9.8-2.1c-0.7,0-1.5,0.1-2.2,0.4V1.8H2.4v18h1.2v-5.1c0.7-0.2,1.4-0.4,2.2-0.4
	c3.3,0,6.5,2.1,9.8,2.1c1.3,0,2.5-0.4,3.6-1V3.3C18.1,4,16.8,4.4,15.6,4.4z M17.9,14.7c-0.7,0.4-1.5,0.5-2.3,0.5
	c-1.5-0.1-3.1-0.4-4.5-1c-1.7-0.6-3.5-1-5.3-1.1c-0.7,0-1.5,0.1-2.2,0.3V4c0.7-0.3,1.4-0.5,2.2-0.5c1.5,0.1,3.1,0.4,4.5,1
	c1.7,0.6,3.5,1,5.3,1.1c0.8,0,1.6-0.1,2.3-0.3V14.7z"
    fill="#000000"
    stroke="none"
  />
</svg>
`;

exports[`Icon flag large 1`] = `
.c0 {
  display: inline-block;
  height: 1.5rem;
  width: 1.5rem;
  min-height: 1.5rem;
  min-width: 1.5rem;
}

.c0:active,
.c0:focus {
  outline: none;
}

<svg
  aria-hidden="false"
  aria-label="gaming icon"
  class="c0"
  fill="#000000"
  role="img"
  viewBox="0 0 21.6 21.6"
>
  <title>
    gaming icon
  </title>
  <path
    d="M7.39708,9.352h1.126v1.126h-1.126v1.125h-1.125V10.478h-1.125V9.352h1.125V8.227h1.125Zm7.316,0a.563.563,0,1,0-.563-.563A.563.563,0,0,0,14.71306,9.352Zm-1.126,0a.563.563,0,1,0,.563.563A.563.563,0,0,0,13.58708,9.352Zm2.251,0a.563.563,0,1,0,.563.563A.563.563,0,0,0,15.83806,9.352Zm-1.125,1.125a.563.563,0,1,0,.563.563A.563.563,0,0,0,14.71306,10.477Zm4.508,4.595a3.32813,3.32813,0,0,1-1.936,1.798,1.104,1.104,0,0,1-.346.055c-1.246,0-2.709-1.923-3.115-2.668a1.09356,1.09356,0,0,0-.965-.568H8.704a1.09163,1.09163,0,0,0-.965.568c-.406.74506-1.87,2.668-3.115,2.668a1.10823,1.10823,0,0,1-.346-.055,3.33158,3.33158,0,0,1-1.936-1.798,7.74186,7.74186,0,0,1-.008-5.777A7.382,7.382,0,0,1,5.89708,5.038a3.46364,3.46364,0,0,1,2.73-.149,3.21223,3.21223,0,0,1,1.228.866.69066.69066,0,0,0,.52.204h.812a.69371.69371,0,0,0,.52-.203,3.20761,3.20761,0,0,1,1.228-.867,3.464,3.464,0,0,1,2.73.149,7.38918,7.38918,0,0,1,3.563,4.257A7.742,7.742,0,0,1,19.22106,15.072Zm-1.05-5.39294a6.26262,6.26262,0,0,0-2.971-3.617,2.37172,2.37172,0,0,0-1.858-.124,2.09417,2.09417,0,0,0-.798.569,1.81023,1.81023,0,0,1-1.357.578h-.812a1.8119,1.8119,0,0,1-1.357-.578,2.09413,2.09413,0,0,0-.798-.569,2.37052,2.37052,0,0,0-1.859.125A6.27265,6.27265,0,0,0,3.389,9.679a6.61118,6.61118,0,0,0-.038,4.9,2.41691,2.41691,0,0,0,1.272,1.22c.387.147,1.575-1.069,2.126-2.08a2.2173,2.2173,0,0,1,1.954-1.156h4.155a2.21737,2.21737,0,0,1,1.954,1.156c.551,1.011,1.74,2.226,2.126,2.08a2.41352,2.41352,0,0,0,1.272-1.22A6.60687,6.60687,0,0,0,18.17107,9.679Z"
    fill="#000000"
    stroke="none"
  />
</svg>
`;

exports[`Icon flag medium 1`] = `
.c0 {
  display: inline-block;
  height: 1.25rem;
  width: 1.25rem;
  min-height: 1.25rem;
  min-width: 1.25rem;
}

.c0:active,
.c0:focus {
  outline: none;
}

<svg
  aria-hidden="false"
  aria-label="flag icon"
  class="c0"
  fill="#000000"
  role="img"
  viewBox="0 0 21.6 21.6"
>
  <title>
    flag icon
  </title>
  <path
    d="M15.6,4.4c-3.3,0-6.5-2.1-9.8-2.1c-0.7,0-1.5,0.1-2.2,0.4V1.8H2.4v18h1.2v-5.1c0.7-0.2,1.4-0.4,2.2-0.4
	c3.3,0,6.5,2.1,9.8,2.1c1.3,0,2.5-0.4,3.6-1V3.3C18.1,4,16.8,4.4,15.6,4.4z M17.9,14.7c-0.7,0.4-1.5,0.5-2.3,0.5
	c-1.5-0.1-3.1-0.4-4.5-1c-1.7-0.6-3.5-1-5.3-1.1c-0.7,0-1.5,0.1-2.2,0.3V4c0.7-0.3,1.4-0.5,2.2-0.5c1.5,0.1,3.1,0.4,4.5,1
	c1.7,0.6,3.5,1,5.3,1.1c0.8,0,1.6-0.1,2.3-0.3V14.7z"
    fill="#000000"
    stroke="none"
  />
</svg>
`;

exports[`Icon flag small 1`] = `
.c0 {
  display: inline-block;
  height: 1rem;
  width: 1rem;
  min-height: 1rem;
  min-width: 1rem;
}

.c0:active,
.c0:focus {
  outline: none;
}

<svg
  aria-hidden="false"
  aria-label="flag icon"
  class="c0"
  fill="#000000"
  role="img"
  viewBox="0 0 21.6 21.6"
>
  <title>
    flag icon
  </title>
  <path
    d="M15.6,4.4c-3.3,0-6.5-2.1-9.8-2.1c-0.7,0-1.5,0.1-2.2,0.4V1.8H2.4v18h1.2v-5.1c0.7-0.2,1.4-0.4,2.2-0.4
	c3.3,0,6.5,2.1,9.8,2.1c1.3,0,2.5-0.4,3.6-1V3.3C18.1,4,16.8,4.4,15.6,4.4z M17.9,14.7c-0.7,0.4-1.5,0.5-2.3,0.5
	c-1.5-0.1-3.1-0.4-4.5-1c-1.7-0.6-3.5-1-5.3-1.1c-0.7,0-1.5,0.1-2.2,0.3V4c0.7-0.3,1.4-0.5,2.2-0.5c1.5,0.1,3.1,0.4,4.5,1
	c1.7,0.6,3.5,1,5.3,1.1c0.8,0,1.6-0.1,2.3-0.3V14.7z"
    fill="#000000"
    stroke="none"
  />
</svg>
`;

exports[`Icon flag small 2`] = `
.c0 {
  display: inline-block;
  height: 1rem;
  width: 1rem;
  min-height: 1rem;
  min-width: 1rem;
}

.c0:active,
.c0:focus {
  outline: none;
}

<svg
  aria-hidden="false"
  aria-label="flag icon"
  class="c0"
  fill="#C44904"
  role="img"
  viewBox="0 0 21.6 21.6"
>
  <title>
    flag icon
  </title>
  <path
    d="M15.6,4.4c-3.3,0-6.5-2.1-9.8-2.1c-0.7,0-1.5,0.1-2.2,0.4V1.8H2.4v18h1.2v-5.1c0.7-0.2,1.4-0.4,2.2-0.4
	c3.3,0,6.5,2.1,9.8,2.1c1.3,0,2.5-0.4,3.6-1V3.3C18.1,4,16.8,4.4,15.6,4.4z M17.9,14.7c-0.7,0.4-1.5,0.5-2.3,0.5
	c-1.5-0.1-3.1-0.4-4.5-1c-1.7-0.6-3.5-1-5.3-1.1c-0.7,0-1.5,0.1-2.2,0.3V4c0.7-0.3,1.4-0.5,2.2-0.5c1.5,0.1,3.1,0.4,4.5,1
	c1.7,0.6,3.5,1,5.3,1.1c0.8,0,1.6-0.1,2.3-0.3V14.7z"
    fill="#C44904"
    stroke="none"
  />
</svg>
`;

exports[`Icon flag small surface dark 1`] = `
.c0 {
  display: inline-block;
  height: 1rem;
  width: 1rem;
  min-height: 1rem;
  min-width: 1rem;
}

.c0:active,
.c0:focus {
  outline: none;
}

<svg
  aria-hidden="false"
  aria-label="flag icon"
  class="c0"
  fill="#ffffff"
  role="img"
  viewBox="0 0 21.6 21.6"
>
  <title>
    flag icon
  </title>
  <path
    d="M15.6,4.4c-3.3,0-6.5-2.1-9.8-2.1c-0.7,0-1.5,0.1-2.2,0.4V1.8H2.4v18h1.2v-5.1c0.7-0.2,1.4-0.4,2.2-0.4
	c3.3,0,6.5,2.1,9.8,2.1c1.3,0,2.5-0.4,3.6-1V3.3C18.1,4,16.8,4.4,15.6,4.4z M17.9,14.7c-0.7,0.4-1.5,0.5-2.3,0.5
	c-1.5-0.1-3.1-0.4-4.5-1c-1.7-0.6-3.5-1-5.3-1.1c-0.7,0-1.5,0.1-2.2,0.3V4c0.7-0.3,1.4-0.5,2.2-0.5c1.5,0.1,3.1,0.4,4.5,1
	c1.7,0.6,3.5,1,5.3,1.1c0.8,0,1.6-0.1,2.3-0.3V14.7z"
    fill="#ffffff"
    stroke="none"
  />
</svg>
`;

exports[`Icon gaming XLarge 1`] = `
.c0 {
  display: inline-block;
  height: 1.75rem;
  width: 1.75rem;
  min-height: 1.75rem;
  min-width: 1.75rem;
}

.c0:active,
.c0:focus {
  outline: none;
}

<svg
  aria-hidden="false"
  aria-label="gaming icon"
  class="c0"
  fill="#000000"
  role="img"
  viewBox="0 0 21.6 21.6"
>
  <title>
    gaming icon
  </title>
  <path
    d="M7.39708,9.352h1.126v1.126h-1.126v1.125h-1.125V10.478h-1.125V9.352h1.125V8.227h1.125Zm7.316,0a.563.563,0,1,0-.563-.563A.563.563,0,0,0,14.71306,9.352Zm-1.126,0a.563.563,0,1,0,.563.563A.563.563,0,0,0,13.58708,9.352Zm2.251,0a.563.563,0,1,0,.563.563A.563.563,0,0,0,15.83806,9.352Zm-1.125,1.125a.563.563,0,1,0,.563.563A.563.563,0,0,0,14.71306,10.477Zm4.508,4.595a3.32813,3.32813,0,0,1-1.936,1.798,1.104,1.104,0,0,1-.346.055c-1.246,0-2.709-1.923-3.115-2.668a1.09356,1.09356,0,0,0-.965-.568H8.704a1.09163,1.09163,0,0,0-.965.568c-.406.74506-1.87,2.668-3.115,2.668a1.10823,1.10823,0,0,1-.346-.055,3.33158,3.33158,0,0,1-1.936-1.798,7.74186,7.74186,0,0,1-.008-5.777A7.382,7.382,0,0,1,5.89708,5.038a3.46364,3.46364,0,0,1,2.73-.149,3.21223,3.21223,0,0,1,1.228.866.69066.69066,0,0,0,.52.204h.812a.69371.69371,0,0,0,.52-.203,3.20761,3.20761,0,0,1,1.228-.867,3.464,3.464,0,0,1,2.73.149,7.38918,7.38918,0,0,1,3.563,4.257A7.742,7.742,0,0,1,19.22106,15.072Zm-1.05-5.39294a6.26262,6.26262,0,0,0-2.971-3.617,2.37172,2.37172,0,0,0-1.858-.124,2.09417,2.09417,0,0,0-.798.569,1.81023,1.81023,0,0,1-1.357.578h-.812a1.8119,1.8119,0,0,1-1.357-.578,2.09413,2.09413,0,0,0-.798-.569,2.37052,2.37052,0,0,0-1.859.125A6.27265,6.27265,0,0,0,3.389,9.679a6.61118,6.61118,0,0,0-.038,4.9,2.41691,2.41691,0,0,0,1.272,1.22c.387.147,1.575-1.069,2.126-2.08a2.2173,2.2173,0,0,1,1.954-1.156h4.155a2.21737,2.21737,0,0,1,1.954,1.156c.551,1.011,1.74,2.226,2.126,2.08a2.41352,2.41352,0,0,0,1.272-1.22A6.60687,6.60687,0,0,0,18.17107,9.679Z"
    fill="#000000"
    stroke="none"
  />
</svg>
`;

exports[`Icon gaming large 1`] = `
.c0 {
  display: inline-block;
  height: 1.5rem;
  width: 1.5rem;
  min-height: 1.5rem;
  min-width: 1.5rem;
}

.c0:active,
.c0:focus {
  outline: none;
}

<svg
  aria-hidden="false"
  aria-label="gaming icon"
  class="c0"
  fill="#000000"
  role="img"
  viewBox="0 0 21.6 21.6"
>
  <title>
    gaming icon
  </title>
  <path
    d="M7.39708,9.352h1.126v1.126h-1.126v1.125h-1.125V10.478h-1.125V9.352h1.125V8.227h1.125Zm7.316,0a.563.563,0,1,0-.563-.563A.563.563,0,0,0,14.71306,9.352Zm-1.126,0a.563.563,0,1,0,.563.563A.563.563,0,0,0,13.58708,9.352Zm2.251,0a.563.563,0,1,0,.563.563A.563.563,0,0,0,15.83806,9.352Zm-1.125,1.125a.563.563,0,1,0,.563.563A.563.563,0,0,0,14.71306,10.477Zm4.508,4.595a3.32813,3.32813,0,0,1-1.936,1.798,1.104,1.104,0,0,1-.346.055c-1.246,0-2.709-1.923-3.115-2.668a1.09356,1.09356,0,0,0-.965-.568H8.704a1.09163,1.09163,0,0,0-.965.568c-.406.74506-1.87,2.668-3.115,2.668a1.10823,1.10823,0,0,1-.346-.055,3.33158,3.33158,0,0,1-1.936-1.798,7.74186,7.74186,0,0,1-.008-5.777A7.382,7.382,0,0,1,5.89708,5.038a3.46364,3.46364,0,0,1,2.73-.149,3.21223,3.21223,0,0,1,1.228.866.69066.69066,0,0,0,.52.204h.812a.69371.69371,0,0,0,.52-.203,3.20761,3.20761,0,0,1,1.228-.867,3.464,3.464,0,0,1,2.73.149,7.38918,7.38918,0,0,1,3.563,4.257A7.742,7.742,0,0,1,19.22106,15.072Zm-1.05-5.39294a6.26262,6.26262,0,0,0-2.971-3.617,2.37172,2.37172,0,0,0-1.858-.124,2.09417,2.09417,0,0,0-.798.569,1.81023,1.81023,0,0,1-1.357.578h-.812a1.8119,1.8119,0,0,1-1.357-.578,2.09413,2.09413,0,0,0-.798-.569,2.37052,2.37052,0,0,0-1.859.125A6.27265,6.27265,0,0,0,3.389,9.679a6.61118,6.61118,0,0,0-.038,4.9,2.41691,2.41691,0,0,0,1.272,1.22c.387.147,1.575-1.069,2.126-2.08a2.2173,2.2173,0,0,1,1.954-1.156h4.155a2.21737,2.21737,0,0,1,1.954,1.156c.551,1.011,1.74,2.226,2.126,2.08a2.41352,2.41352,0,0,0,1.272-1.22A6.60687,6.60687,0,0,0,18.17107,9.679Z"
    fill="#000000"
    stroke="none"
  />
</svg>
`;

exports[`Icon gaming medium 1`] = `
.c0 {
  display: inline-block;
  height: 1.25rem;
  width: 1.25rem;
  min-height: 1.25rem;
  min-width: 1.25rem;
}

.c0:active,
.c0:focus {
  outline: none;
}

<svg
  aria-hidden="false"
  aria-label="gaming icon"
  class="c0"
  fill="#000000"
  role="img"
  viewBox="0 0 21.6 21.6"
>
  <title>
    gaming icon
  </title>
  <path
    d="M7.39708,9.352h1.126v1.126h-1.126v1.125h-1.125V10.478h-1.125V9.352h1.125V8.227h1.125Zm7.316,0a.563.563,0,1,0-.563-.563A.563.563,0,0,0,14.71306,9.352Zm-1.126,0a.563.563,0,1,0,.563.563A.563.563,0,0,0,13.58708,9.352Zm2.251,0a.563.563,0,1,0,.563.563A.563.563,0,0,0,15.83806,9.352Zm-1.125,1.125a.563.563,0,1,0,.563.563A.563.563,0,0,0,14.71306,10.477Zm4.508,4.595a3.32813,3.32813,0,0,1-1.936,1.798,1.104,1.104,0,0,1-.346.055c-1.246,0-2.709-1.923-3.115-2.668a1.09356,1.09356,0,0,0-.965-.568H8.704a1.09163,1.09163,0,0,0-.965.568c-.406.74506-1.87,2.668-3.115,2.668a1.10823,1.10823,0,0,1-.346-.055,3.33158,3.33158,0,0,1-1.936-1.798,7.74186,7.74186,0,0,1-.008-5.777A7.382,7.382,0,0,1,5.89708,5.038a3.46364,3.46364,0,0,1,2.73-.149,3.21223,3.21223,0,0,1,1.228.866.69066.69066,0,0,0,.52.204h.812a.69371.69371,0,0,0,.52-.203,3.20761,3.20761,0,0,1,1.228-.867,3.464,3.464,0,0,1,2.73.149,7.38918,7.38918,0,0,1,3.563,4.257A7.742,7.742,0,0,1,19.22106,15.072Zm-1.05-5.39294a6.26262,6.26262,0,0,0-2.971-3.617,2.37172,2.37172,0,0,0-1.858-.124,2.09417,2.09417,0,0,0-.798.569,1.81023,1.81023,0,0,1-1.357.578h-.812a1.8119,1.8119,0,0,1-1.357-.578,2.09413,2.09413,0,0,0-.798-.569,2.37052,2.37052,0,0,0-1.859.125A6.27265,6.27265,0,0,0,3.389,9.679a6.61118,6.61118,0,0,0-.038,4.9,2.41691,2.41691,0,0,0,1.272,1.22c.387.147,1.575-1.069,2.126-2.08a2.2173,2.2173,0,0,1,1.954-1.156h4.155a2.21737,2.21737,0,0,1,1.954,1.156c.551,1.011,1.74,2.226,2.126,2.08a2.41352,2.41352,0,0,0,1.272-1.22A6.60687,6.60687,0,0,0,18.17107,9.679Z"
    fill="#000000"
    stroke="none"
  />
</svg>
`;

exports[`Icon gaming small 1`] = `
.c0 {
  display: inline-block;
  height: 1rem;
  width: 1rem;
  min-height: 1rem;
  min-width: 1rem;
}

.c0:active,
.c0:focus {
  outline: none;
}

<svg
  aria-hidden="false"
  aria-label="gaming icon"
  class="c0"
  fill="#000000"
  role="img"
  viewBox="0 0 21.6 21.6"
>
  <title>
    gaming icon
  </title>
  <path
    d="M7.39708,9.352h1.126v1.126h-1.126v1.125h-1.125V10.478h-1.125V9.352h1.125V8.227h1.125Zm7.316,0a.563.563,0,1,0-.563-.563A.563.563,0,0,0,14.71306,9.352Zm-1.126,0a.563.563,0,1,0,.563.563A.563.563,0,0,0,13.58708,9.352Zm2.251,0a.563.563,0,1,0,.563.563A.563.563,0,0,0,15.83806,9.352Zm-1.125,1.125a.563.563,0,1,0,.563.563A.563.563,0,0,0,14.71306,10.477Zm4.508,4.595a3.32813,3.32813,0,0,1-1.936,1.798,1.104,1.104,0,0,1-.346.055c-1.246,0-2.709-1.923-3.115-2.668a1.09356,1.09356,0,0,0-.965-.568H8.704a1.09163,1.09163,0,0,0-.965.568c-.406.74506-1.87,2.668-3.115,2.668a1.10823,1.10823,0,0,1-.346-.055,3.33158,3.33158,0,0,1-1.936-1.798,7.74186,7.74186,0,0,1-.008-5.777A7.382,7.382,0,0,1,5.89708,5.038a3.46364,3.46364,0,0,1,2.73-.149,3.21223,3.21223,0,0,1,1.228.866.69066.69066,0,0,0,.52.204h.812a.69371.69371,0,0,0,.52-.203,3.20761,3.20761,0,0,1,1.228-.867,3.464,3.464,0,0,1,2.73.149,7.38918,7.38918,0,0,1,3.563,4.257A7.742,7.742,0,0,1,19.22106,15.072Zm-1.05-5.39294a6.26262,6.26262,0,0,0-2.971-3.617,2.37172,2.37172,0,0,0-1.858-.124,2.09417,2.09417,0,0,0-.798.569,1.81023,1.81023,0,0,1-1.357.578h-.812a1.8119,1.8119,0,0,1-1.357-.578,2.09413,2.09413,0,0,0-.798-.569,2.37052,2.37052,0,0,0-1.859.125A6.27265,6.27265,0,0,0,3.389,9.679a6.61118,6.61118,0,0,0-.038,4.9,2.41691,2.41691,0,0,0,1.272,1.22c.387.147,1.575-1.069,2.126-2.08a2.2173,2.2173,0,0,1,1.954-1.156h4.155a2.21737,2.21737,0,0,1,1.954,1.156c.551,1.011,1.74,2.226,2.126,2.08a2.41352,2.41352,0,0,0,1.272-1.22A6.60687,6.60687,0,0,0,18.17107,9.679Z"
    fill="#000000"
    stroke="none"
  />
</svg>
`;

exports[`Icon gaming small 2`] = `
.c0 {
  display: inline-block;
  height: 1rem;
  width: 1rem;
  min-height: 1rem;
  min-width: 1rem;
}

.c0:active,
.c0:focus {
  outline: none;
}

<svg
  aria-hidden="false"
  aria-label="gaming icon"
  class="c0"
  fill="#C44904"
  role="img"
  viewBox="0 0 21.6 21.6"
>
  <title>
    gaming icon
  </title>
  <path
    d="M7.39708,9.352h1.126v1.126h-1.126v1.125h-1.125V10.478h-1.125V9.352h1.125V8.227h1.125Zm7.316,0a.563.563,0,1,0-.563-.563A.563.563,0,0,0,14.71306,9.352Zm-1.126,0a.563.563,0,1,0,.563.563A.563.563,0,0,0,13.58708,9.352Zm2.251,0a.563.563,0,1,0,.563.563A.563.563,0,0,0,15.83806,9.352Zm-1.125,1.125a.563.563,0,1,0,.563.563A.563.563,0,0,0,14.71306,10.477Zm4.508,4.595a3.32813,3.32813,0,0,1-1.936,1.798,1.104,1.104,0,0,1-.346.055c-1.246,0-2.709-1.923-3.115-2.668a1.09356,1.09356,0,0,0-.965-.568H8.704a1.09163,1.09163,0,0,0-.965.568c-.406.74506-1.87,2.668-3.115,2.668a1.10823,1.10823,0,0,1-.346-.055,3.33158,3.33158,0,0,1-1.936-1.798,7.74186,7.74186,0,0,1-.008-5.777A7.382,7.382,0,0,1,5.89708,5.038a3.46364,3.46364,0,0,1,2.73-.149,3.21223,3.21223,0,0,1,1.228.866.69066.69066,0,0,0,.52.204h.812a.69371.69371,0,0,0,.52-.203,3.20761,3.20761,0,0,1,1.228-.867,3.464,3.464,0,0,1,2.73.149,7.38918,7.38918,0,0,1,3.563,4.257A7.742,7.742,0,0,1,19.22106,15.072Zm-1.05-5.39294a6.26262,6.26262,0,0,0-2.971-3.617,2.37172,2.37172,0,0,0-1.858-.124,2.09417,2.09417,0,0,0-.798.569,1.81023,1.81023,0,0,1-1.357.578h-.812a1.8119,1.8119,0,0,1-1.357-.578,2.09413,2.09413,0,0,0-.798-.569,2.37052,2.37052,0,0,0-1.859.125A6.27265,6.27265,0,0,0,3.389,9.679a6.61118,6.61118,0,0,0-.038,4.9,2.41691,2.41691,0,0,0,1.272,1.22c.387.147,1.575-1.069,2.126-2.08a2.2173,2.2173,0,0,1,1.954-1.156h4.155a2.21737,2.21737,0,0,1,1.954,1.156c.551,1.011,1.74,2.226,2.126,2.08a2.41352,2.41352,0,0,0,1.272-1.22A6.60687,6.60687,0,0,0,18.17107,9.679Z"
    fill="#C44904"
    stroke="none"
  />
</svg>
`;

exports[`Icon gaming small surface dark 1`] = `
.c0 {
  display: inline-block;
  height: 1rem;
  width: 1rem;
  min-height: 1rem;
  min-width: 1rem;
}

.c0:active,
.c0:focus {
  outline: none;
}

<svg
  aria-hidden="false"
  aria-label="gaming icon"
  class="c0"
  fill="#C44904"
  role="img"
  viewBox="0 0 21.6 21.6"
>
  <title>
    gaming icon
  </title>
  <path
    d="M7.39708,9.352h1.126v1.126h-1.126v1.125h-1.125V10.478h-1.125V9.352h1.125V8.227h1.125Zm7.316,0a.563.563,0,1,0-.563-.563A.563.563,0,0,0,14.71306,9.352Zm-1.126,0a.563.563,0,1,0,.563.563A.563.563,0,0,0,13.58708,9.352Zm2.251,0a.563.563,0,1,0,.563.563A.563.563,0,0,0,15.83806,9.352Zm-1.125,1.125a.563.563,0,1,0,.563.563A.563.563,0,0,0,14.71306,10.477Zm4.508,4.595a3.32813,3.32813,0,0,1-1.936,1.798,1.104,1.104,0,0,1-.346.055c-1.246,0-2.709-1.923-3.115-2.668a1.09356,1.09356,0,0,0-.965-.568H8.704a1.09163,1.09163,0,0,0-.965.568c-.406.74506-1.87,2.668-3.115,2.668a1.10823,1.10823,0,0,1-.346-.055,3.33158,3.33158,0,0,1-1.936-1.798,7.74186,7.74186,0,0,1-.008-5.777A7.382,7.382,0,0,1,5.89708,5.038a3.46364,3.46364,0,0,1,2.73-.149,3.21223,3.21223,0,0,1,1.228.866.69066.69066,0,0,0,.52.204h.812a.69371.69371,0,0,0,.52-.203,3.20761,3.20761,0,0,1,1.228-.867,3.464,3.464,0,0,1,2.73.149,7.38918,7.38918,0,0,1,3.563,4.257A7.742,7.742,0,0,1,19.22106,15.072Zm-1.05-5.39294a6.26262,6.26262,0,0,0-2.971-3.617,2.37172,2.37172,0,0,0-1.858-.124,2.09417,2.09417,0,0,0-.798.569,1.81023,1.81023,0,0,1-1.357.578h-.812a1.8119,1.8119,0,0,1-1.357-.578,2.09413,2.09413,0,0,0-.798-.569,2.37052,2.37052,0,0,0-1.859.125A6.27265,6.27265,0,0,0,3.389,9.679a6.61118,6.61118,0,0,0-.038,4.9,2.41691,2.41691,0,0,0,1.272,1.22c.387.147,1.575-1.069,2.126-2.08a2.2173,2.2173,0,0,1,1.954-1.156h4.155a2.21737,2.21737,0,0,1,1.954,1.156c.551,1.011,1.74,2.226,2.126,2.08a2.41352,2.41352,0,0,0,1.272-1.22A6.60687,6.60687,0,0,0,18.17107,9.679Z"
    fill="#C44904"
    stroke="none"
  />
</svg>
`;

exports[`Icon hackers XLarge 1`] = `
.c0 {
  display: inline-block;
  height: 1.75rem;
  width: 1.75rem;
  min-height: 1.75rem;
  min-width: 1.75rem;
}

.c0:active,
.c0:focus {
  outline: none;
}

<svg
  aria-hidden="false"
  aria-label="hackers icon"
  class="c0"
  fill="#000000"
  role="img"
  viewBox="0 0 21.6 21.6"
>
  <title>
    hackers icon
  </title>
  <path
    d="M17.8,12.18V3.3H3.8v8.88l-2,6.12h18ZM4.92,4.42H16.68v7.76H4.92ZM4.61,13.3H17l1.25,3.88H3.36Zm8.89,2,.3,1h-6l.44-1Zm0-6.89-1.74,1,1.38.76-.45.8-1.88-1-1.88,1-.45-.8,1.38-.76-1.74-1,.44-.81L10.8,8.85,13.05,7.6ZM9.74,6.94A1.06,1.06,0,1,1,10.8,8h0A1.06,1.06,0,0,1,9.74,6.94Z"
    fill="#000000"
    stroke="none"
  />
</svg>
`;

exports[`Icon hackers large 1`] = `
.c0 {
  display: inline-block;
  height: 1.5rem;
  width: 1.5rem;
  min-height: 1.5rem;
  min-width: 1.5rem;
}

.c0:active,
.c0:focus {
  outline: none;
}

<svg
  aria-hidden="false"
  aria-label="hackers icon"
  class="c0"
  fill="#000000"
  role="img"
  viewBox="0 0 21.6 21.6"
>
  <title>
    hackers icon
  </title>
  <path
    d="M17.8,12.18V3.3H3.8v8.88l-2,6.12h18ZM4.92,4.42H16.68v7.76H4.92ZM4.61,13.3H17l1.25,3.88H3.36Zm8.89,2,.3,1h-6l.44-1Zm0-6.89-1.74,1,1.38.76-.45.8-1.88-1-1.88,1-.45-.8,1.38-.76-1.74-1,.44-.81L10.8,8.85,13.05,7.6ZM9.74,6.94A1.06,1.06,0,1,1,10.8,8h0A1.06,1.06,0,0,1,9.74,6.94Z"
    fill="#000000"
    stroke="none"
  />
</svg>
`;

exports[`Icon hackers medium 1`] = `
.c0 {
  display: inline-block;
  height: 1.25rem;
  width: 1.25rem;
  min-height: 1.25rem;
  min-width: 1.25rem;
}

.c0:active,
.c0:focus {
  outline: none;
}

<svg
  aria-hidden="false"
  aria-label="hackers icon"
  class="c0"
  fill="#000000"
  role="img"
  viewBox="0 0 21.6 21.6"
>
  <title>
    hackers icon
  </title>
  <path
    d="M17.8,12.18V3.3H3.8v8.88l-2,6.12h18ZM4.92,4.42H16.68v7.76H4.92ZM4.61,13.3H17l1.25,3.88H3.36Zm8.89,2,.3,1h-6l.44-1Zm0-6.89-1.74,1,1.38.76-.45.8-1.88-1-1.88,1-.45-.8,1.38-.76-1.74-1,.44-.81L10.8,8.85,13.05,7.6ZM9.74,6.94A1.06,1.06,0,1,1,10.8,8h0A1.06,1.06,0,0,1,9.74,6.94Z"
    fill="#000000"
    stroke="none"
  />
</svg>
`;

exports[`Icon hackers small 1`] = `
.c0 {
  display: inline-block;
  height: 1rem;
  width: 1rem;
  min-height: 1rem;
  min-width: 1rem;
}

.c0:active,
.c0:focus {
  outline: none;
}

<svg
  aria-hidden="false"
  aria-label="hackers icon"
  class="c0"
  fill="#000000"
  role="img"
  viewBox="0 0 21.6 21.6"
>
  <title>
    hackers icon
  </title>
  <path
    d="M17.8,12.18V3.3H3.8v8.88l-2,6.12h18ZM4.92,4.42H16.68v7.76H4.92ZM4.61,13.3H17l1.25,3.88H3.36Zm8.89,2,.3,1h-6l.44-1Zm0-6.89-1.74,1,1.38.76-.45.8-1.88-1-1.88,1-.45-.8,1.38-.76-1.74-1,.44-.81L10.8,8.85,13.05,7.6ZM9.74,6.94A1.06,1.06,0,1,1,10.8,8h0A1.06,1.06,0,0,1,9.74,6.94Z"
    fill="#000000"
    stroke="none"
  />
</svg>
`;

exports[`Icon hackers small 2`] = `
.c0 {
  display: inline-block;
  height: 1rem;
  width: 1rem;
  min-height: 1rem;
  min-width: 1rem;
}

.c0:active,
.c0:focus {
  outline: none;
}

<svg
  aria-hidden="false"
  aria-label="hackers icon"
  class="c0"
  fill="#C44904"
  role="img"
  viewBox="0 0 21.6 21.6"
>
  <title>
    hackers icon
  </title>
  <path
    d="M17.8,12.18V3.3H3.8v8.88l-2,6.12h18ZM4.92,4.42H16.68v7.76H4.92ZM4.61,13.3H17l1.25,3.88H3.36Zm8.89,2,.3,1h-6l.44-1Zm0-6.89-1.74,1,1.38.76-.45.8-1.88-1-1.88,1-.45-.8,1.38-.76-1.74-1,.44-.81L10.8,8.85,13.05,7.6ZM9.74,6.94A1.06,1.06,0,1,1,10.8,8h0A1.06,1.06,0,0,1,9.74,6.94Z"
    fill="#C44904"
    stroke="none"
  />
</svg>
`;

exports[`Icon hackers small surface dark 1`] = `
.c0 {
  display: inline-block;
  height: 1rem;
  width: 1rem;
  min-height: 1rem;
  min-width: 1rem;
}

.c0:active,
.c0:focus {
  outline: none;
}

<svg
  aria-hidden="false"
  aria-label="hackers icon"
  class="c0"
  fill="#C44904"
  role="img"
  viewBox="0 0 21.6 21.6"
>
  <title>
    hackers icon
  </title>
  <path
    d="M17.8,12.18V3.3H3.8v8.88l-2,6.12h18ZM4.92,4.42H16.68v7.76H4.92ZM4.61,13.3H17l1.25,3.88H3.36Zm8.89,2,.3,1h-6l.44-1Zm0-6.89-1.74,1,1.38.76-.45.8-1.88-1-1.88,1-.45-.8,1.38-.76-1.74-1,.44-.81L10.8,8.85,13.05,7.6ZM9.74,6.94A1.06,1.06,0,1,1,10.8,8h0A1.06,1.06,0,0,1,9.74,6.94Z"
    fill="#C44904"
    stroke="none"
  />
</svg>
`;

exports[`Icon info XLarge 1`] = `
.c0 {
  display: inline-block;
  height: 1.75rem;
  width: 1.75rem;
  min-height: 1.75rem;
  min-width: 1.75rem;
}

.c0:active,
.c0:focus {
  outline: none;
}

<svg
  aria-hidden="false"
  aria-label="info icon"
  class="c0"
  fill="#000000"
  role="img"
  viewBox="0 0 21.6 21.6"
>
  <title>
    info icon
  </title>
  <path
    d="M19.8,10.8a9,9,0,1,0-9,9A9.01054,9.01054,0,0,0,19.8,10.8Zm-1.12488,0A7.87513,7.87513,0,1,1,10.8,2.92486,7.88411,7.88411,0,0,1,18.67509,10.8ZM11.625,7.45852H9.95v-1.675h1.675ZM9.95834,9.11662H11.65v6.6999H9.95834Z"
    fill="#000000"
    stroke="none"
  />
</svg>
`;

exports[`Icon info large 1`] = `
.c0 {
  display: inline-block;
  height: 1.5rem;
  width: 1.5rem;
  min-height: 1.5rem;
  min-width: 1.5rem;
}

.c0:active,
.c0:focus {
  outline: none;
}

<svg
  aria-hidden="false"
  aria-label="info icon"
  class="c0"
  fill="#000000"
  role="img"
  viewBox="0 0 21.6 21.6"
>
  <title>
    info icon
  </title>
  <path
    d="M19.8,10.8a9,9,0,1,0-9,9A9.01054,9.01054,0,0,0,19.8,10.8Zm-1.12488,0A7.87513,7.87513,0,1,1,10.8,2.92486,7.88411,7.88411,0,0,1,18.67509,10.8ZM11.625,7.45852H9.95v-1.675h1.675ZM9.95834,9.11662H11.65v6.6999H9.95834Z"
    fill="#000000"
    stroke="none"
  />
</svg>
`;

exports[`Icon info medium 1`] = `
.c0 {
  display: inline-block;
  height: 1.25rem;
  width: 1.25rem;
  min-height: 1.25rem;
  min-width: 1.25rem;
}

.c0:active,
.c0:focus {
  outline: none;
}

<svg
  aria-hidden="false"
  aria-label="info icon"
  class="c0"
  fill="#000000"
  role="img"
  viewBox="0 0 21.6 21.6"
>
  <title>
    info icon
  </title>
  <path
    d="M19.8,10.8a9,9,0,1,0-9,9A9.01054,9.01054,0,0,0,19.8,10.8Zm-1.12488,0A7.87513,7.87513,0,1,1,10.8,2.92486,7.88411,7.88411,0,0,1,18.67509,10.8ZM11.625,7.45852H9.95v-1.675h1.675ZM9.95834,9.11662H11.65v6.6999H9.95834Z"
    fill="#000000"
    stroke="none"
  />
</svg>
`;

exports[`Icon info small 1`] = `
.c0 {
  display: inline-block;
  height: 1rem;
  width: 1rem;
  min-height: 1rem;
  min-width: 1rem;
}

.c0:active,
.c0:focus {
  outline: none;
}

<svg
  aria-hidden="false"
  aria-label="info icon"
  class="c0"
  fill="#000000"
  role="img"
  viewBox="0 0 21.6 21.6"
>
  <title>
    info icon
  </title>
  <path
    d="M19.8,10.8a9,9,0,1,0-9,9A9.01054,9.01054,0,0,0,19.8,10.8Zm-1.12488,0A7.87513,7.87513,0,1,1,10.8,2.92486,7.88411,7.88411,0,0,1,18.67509,10.8ZM11.625,7.45852H9.95v-1.675h1.675ZM9.95834,9.11662H11.65v6.6999H9.95834Z"
    fill="#000000"
    stroke="none"
  />
</svg>
`;

exports[`Icon info small 2`] = `
.c0 {
  display: inline-block;
  height: 1rem;
  width: 1rem;
  min-height: 1rem;
  min-width: 1rem;
}

.c0:active,
.c0:focus {
  outline: none;
}

<svg
  aria-hidden="false"
  aria-label="info icon"
  class="c0"
  fill="#FBE4D7"
  role="img"
  viewBox="0 0 21.6 21.6"
>
  <title>
    info icon
  </title>
  <path
    d="M19.8,10.8a9,9,0,1,0-9,9A9.01054,9.01054,0,0,0,19.8,10.8Zm-1.12488,0A7.87513,7.87513,0,1,1,10.8,2.92486,7.88411,7.88411,0,0,1,18.67509,10.8ZM11.625,7.45852H9.95v-1.675h1.675ZM9.95834,9.11662H11.65v6.6999H9.95834Z"
    fill="#FBE4D7"
    stroke="none"
  />
</svg>
`;

exports[`VDS Icon 1`] = `
.c0 {
  display: inline-block;
  height: 1.5rem;
  width: 1.5rem;
  min-height: 1.5rem;
  min-width: 1.5rem;
}

.c0:active,
.c0:focus {
  outline: none;
}

<svg
  aria-hidden="false"
  aria-label="left-arrow icon"
  class="c0"
  fill="#ffffff"
  role="img"
  viewBox="0 0 21.6 21.6"
>
  <title>
    left-arrow icon
  </title>
  <path
    d="M19.8,11.37251H4.01466l7.68305,7.61761-.817.80988L1.8,10.8l9.08069-9,.817.80988-7.683,7.61761H19.8Z"
    fill="#ffffff"
    stroke="none"
  />
</svg>
`;
